// Jest Snapshot v1, https://goo.gl/fbAQLP

exports[`GeneralCardInfo component should render correctly 1`] = `<DocumentFragment />`;
